
Atmos++ Test Data-- - Atmosphere Model Properties validated against "US Standard Atmosphere, 1976"


(B.1) Atmos()-- - standard atmosphere; compare to 1976 US Standard Atmosphere, authoritative reference work
     Hgm      Hgp      Hpa      Hda          T        rho          P          a       visc      theta      sigma      delta        kappa
     (m)      (m)      (m)      (m)        (K)   (kg/m^3)    (N/m^2)      (m/s)  (N*s/m^2)        (1)        (1)        (1)          (1)
  -100.0   -100.0   -100.0   -100.0 2.8880e+02 1.2368e+00 1.0253e+05 3.4065e+02 1.7925e-05 1.0023e+00 1.0096e+00 1.0119e+00 1.0011e+00
     0.0      0.0      0.0      0.0 2.8815e+02 1.2250e+00 1.0133e+05 3.4027e+02 1.7894e-05 1.0000e+00 1.0000e+00 1.0000e+00 1.0000e+00
  5504.8   5500.0   5500.0   5500.0 2.5240e+02 6.9711e-01 5.0507e+04 3.1846e+02 1.6115e-05 8.7593e-01 5.6907e-01 4.9846e-01 9.3591e-01
 11019.0  11000.0  11000.0  11000.0 2.1665e+02 3.6392e-01 2.2632e+04 2.9505e+02 1.4216e-05 7.5187e-01 2.9708e-01 2.2336e-01 8.6710e-01
 15537.8  15500.0  15500.0  15500.0 2.1665e+02 1.7899e-01 1.1131e+04 2.9505e+02 1.4216e-05 7.5187e-01 1.4611e-01 1.0986e-01 8.6710e-01
 20063.0  20000.0  20000.0  20000.0 2.1665e+02 8.8035e-02 5.4749e+03 2.9505e+02 1.4216e-05 7.5187e-01 7.1865e-02 5.4033e-02 8.6710e-01
 26106.6  26000.0  26000.0  26000.0 2.2265e+02 3.3688e-02 2.1531e+03 2.9911e+02 1.4544e-05 7.7269e-01 2.7501e-02 2.1249e-02 8.7903e-01
 32161.6  32000.0  32000.0  32000.0 2.2865e+02 1.3225e-02 8.6802e+02 3.0311e+02 1.4868e-05 7.9351e-01 1.0796e-02 8.5667e-03 8.9079e-01
 39746.5  39500.0  39500.0  39500.0 2.4965e+02 4.1461e-03 2.9712e+02 3.1672e+02 1.5973e-05 8.6639e-01 3.3845e-03 2.9323e-03 9.3080e-01
 47349.4  47000.0  47000.0  47000.0 2.7065e+02 1.4275e-03 1.1091e+02 3.2977e+02 1.7037e-05 9.3927e-01 1.1653e-03 1.0946e-03 9.6916e-01
 49379.9  49000.0  49000.0  49000.0 2.7065e+02 1.1090e-03 8.6162e+01 3.2977e+02 1.7037e-05 9.3927e-01 9.0534e-04 8.5036e-04 9.6916e-01
 51411.7  51000.0  51000.0  51000.0 2.7065e+02 8.6161e-04 6.6939e+01 3.2977e+02 1.7037e-05 9.3927e-01 7.0335e-04 6.6064e-04 9.6916e-01
 61589.9  61000.0  61000.0  61000.0 2.4265e+02 2.5355e-04 1.7661e+01 3.1225e+02 1.5610e-05 8.4210e-01 2.0698e-04 1.7430e-04 9.1766e-01
 71800.4  71000.0  71000.0  71000.0 2.1465e+02 6.4211e-05 3.9564e+00 2.9368e+02 1.4106e-05 7.4492e-01 5.2417e-05 3.9047e-05 8.6309e-01
 81017.6  80000.0  80000.0  80000.0 1.9665e+02 1.5700e-05 8.8629e-01 2.8110e+02 1.3095e-05 6.8247e-01 1.2817e-05 8.7470e-06 8.2612e-01
 85997.7  84852.0  84852.0  84852.0 1.8695e+02 6.9579e-06 3.7339e-01 2.7408e+02 1.2534e-05 6.4879e-01 5.6799e-06 3.6851e-06 8.0548e-01
 91290.0  90000.0  89860.8  90163.2 1.8695e+02 2.7159e-06 1.4575e-01 2.7408e+02 1.2534e-05 6.4879e-01 2.2171e-06 1.4384e-06 8.0548e-01

(B.2) Atmos(dT) --- standard + dT deviation added to temperature profile vs altitude

(B.2a) Comparison to hand calculations, one in linear layer, one in isothermal layer
Hand calculations followed equations and constants from "US Standard Atmosphere, 1976"
deviating only by application of temperature offset dT to temperature profile

H, T, P only, since other results follow from these, as is verified in (B.1) above
       H          T          P
     (m)        (K)    (N/m^2)
1.1000e+04 2.4665e+02 2.6587e+04 --- linear layer with dT=  30
1.5500e+04 2.4665e+02 1.4256e+04 -- - isothermal layer with dT = 30

(B.2b) Comparison of: dT offset, std+(3.0000e+01) day, evaluated at test altitudes
Compare at H=1.1000e+04 & 1.5500e+04 m, T & P should be as above in (B.2a) "hand calsc". Rest of table results from logic tested in (B.1) above
   15500.0 2.4665e+02 1.4256e+04 -- - isothermal layer with dT = 30
(B.2b) dT offset, std+(30.000000) day, evaluated at test altitudes
Compare at H=11000 & 15500 m, T & P should be as above in (B.2a) "hand calcs".
     Hgm      Hgp      Hpa      Hda          T        rho          P          a       visc      theta      sigma      delta        kappa
     (m)      (m)      (m)      (m)        (K)   (kg/m^3)    (N/m^2)      (m/s)  (N*s/m^2)        (1)        (1)        (1)          (1)
  -100.0   -100.0    -90.6    931.3 3.1880e+02 1.1192e+00 1.0242e+05 3.5791e+02 1.9336e-05 1.1064e+00 9.1361e-01 1.0108e+00 1.0518e+00
     0.0      0.0      0.0   1019.7 3.1815e+02 1.1095e+00 1.0133e+05 3.5754e+02 1.9307e-05 1.1041e+00 9.0570e-01 1.0000e+00 1.0508e+00
  5504.8   5500.0   4981.4   5886.5 2.8240e+02 6.6805e-01 5.4154e+04 3.3686e+02 1.7615e-05 9.8005e-01 5.4535e-01 5.3446e-01 9.8997e-01
 11019.0  11000.0   9962.8  10753.3 2.4665e+02 3.7552e-01 2.6587e+04 3.1481e+02 1.5818e-05 8.5598e-01 3.0655e-01 2.6240e-01 9.2519e-01
 15537.8  15500.0  13931.2  14753.7 2.4665e+02 2.0135e-01 1.4256e+04 3.1481e+02 1.5818e-05 8.5598e-01 1.6436e-01 1.4069e-01 9.2519e-01
 20063.0  20000.0  17883.9  18706.3 2.4665e+02 1.0796e-01 7.6435e+03 3.1481e+02 1.5818e-05 8.5598e-01 8.8128e-02 7.5436e-02 9.2519e-01
 26106.6  26000.0  23113.2  23986.5 2.5265e+02 4.6367e-02 3.3627e+03 3.1862e+02 1.6128e-05 8.7680e-01 3.7851e-02 3.3187e-02 9.3638e-01
 32161.6  32000.0  28332.2  29226.2 2.5865e+02 2.0314e-02 1.5082e+03 3.2238e+02 1.6434e-05 8.9762e-01 1.6582e-02 1.4885e-02 9.4743e-01
 39746.5  39500.0  34721.5  35805.9 2.7965e+02 7.2483e-03 5.8185e+02 3.3521e+02 1.7481e-05 9.7050e-01 5.9170e-03 5.7424e-03 9.8514e-01
 47349.4  47000.0  41058.1  42223.9 3.0065e+02 2.7868e-03 2.4051e+02 3.4757e+02 1.8491e-05 1.0434e+00 2.2749e-03 2.3736e-03 1.0215e+00
 49379.9  49000.0  42763.7  43819.4 3.0065e+02 2.2203e-03 1.9162e+02 3.4757e+02 1.8491e-05 1.0434e+00 1.8125e-03 1.8911e-03 1.0215e+00
 51411.7  51000.0  44501.3  45442.6 3.0065e+02 1.7689e-03 1.5266e+02 3.4757e+02 1.8491e-05 1.0434e+00 1.4440e-03 1.5067e-03 1.0215e+00
 61589.9  61000.0  53874.2  54188.1 2.7265e+02 5.9178e-04 4.6315e+01 3.3099e+02 1.7136e-05 9.4621e-01 4.8308e-04 4.5710e-04 9.7273e-01
 71800.4  71000.0  63505.7  63787.3 2.4465e+02 1.7580e-04 1.2346e+01 3.1353e+02 1.5714e-05 8.4904e-01 1.4351e-04 1.2185e-04 9.2143e-01
 81017.6  80000.0  72046.5  72470.0 2.2665e+02 5.1438e-05 3.3466e+00 3.0178e+02 1.4760e-05 7.8658e-01 4.1990e-05 3.3029e-05 8.8689e-01
 85997.7  84852.0  76596.8  77002.1 2.1695e+02 2.5449e-05 1.5849e+00 2.9525e+02 1.4233e-05 7.5291e-01 2.0775e-05 1.5641e-05 8.6770e-01
 91290.0  90000.0  81311.9  81983.1 2.1695e+02 1.1314e-05 7.0458e-01 2.9525e+02 1.4233e-05 7.5291e-01 9.2358e-06 6.9537e-06 8.6770e-01

(B.3) Standard lapse rates used to construct profile through given initial conditions.
      Chosen to create profile equivalent to dT offset case in (B.2b) above for comparison.
     Hgm      Hgp      Hpa      Hda          T        rho          P          a       visc      theta      sigma      delta        kappa
     (m)      (m)      (m)      (m)        (K)   (kg/m^3)    (N/m^2)      (m/s)  (N*s/m^2)        (1)        (1)        (1)          (1)
  -100.0   -100.0    -90.6    931.3 3.1880e+02 1.1192e+00 1.0242e+05 3.5791e+02 1.9336e-05 1.1064e+00 9.1361e-01 1.0108e+00 1.0518e+00
     0.0      0.0      0.0   1019.7 3.1815e+02 1.1095e+00 1.0133e+05 3.5754e+02 1.9307e-05 1.1041e+00 9.0570e-01 1.0000e+00 1.0508e+00
  5504.8   5500.0   4981.4   5886.5 2.8240e+02 6.6805e-01 5.4154e+04 3.3686e+02 1.7615e-05 9.8005e-01 5.4535e-01 5.3446e-01 9.8997e-01
 11019.0  11000.0   9962.8  10753.3 2.4665e+02 3.7552e-01 2.6587e+04 3.1481e+02 1.5818e-05 8.5598e-01 3.0655e-01 2.6240e-01 9.2519e-01
 15537.8  15500.0  13931.2  14753.7 2.4665e+02 2.0135e-01 1.4256e+04 3.1481e+02 1.5818e-05 8.5598e-01 1.6436e-01 1.4069e-01 9.2519e-01
 20063.0  20000.0  17883.9  18706.3 2.4665e+02 1.0796e-01 7.6435e+03 3.1481e+02 1.5818e-05 8.5598e-01 8.8128e-02 7.5436e-02 9.2519e-01
 26106.6  26000.0  23113.2  23986.5 2.5265e+02 4.6367e-02 3.3627e+03 3.1862e+02 1.6128e-05 8.7680e-01 3.7851e-02 3.3187e-02 9.3638e-01
 32161.6  32000.0  28332.2  29226.2 2.5865e+02 2.0314e-02 1.5082e+03 3.2238e+02 1.6434e-05 8.9762e-01 1.6582e-02 1.4885e-02 9.4743e-01
 39746.5  39500.0  34721.5  35805.9 2.7965e+02 7.2483e-03 5.8185e+02 3.3521e+02 1.7481e-05 9.7050e-01 5.9170e-03 5.7424e-03 9.8514e-01
 47349.4  47000.0  41058.1  42223.9 3.0065e+02 2.7868e-03 2.4051e+02 3.4757e+02 1.8491e-05 1.0434e+00 2.2749e-03 2.3736e-03 1.0215e+00
 49379.9  49000.0  42763.7  43819.4 3.0065e+02 2.2203e-03 1.9162e+02 3.4757e+02 1.8491e-05 1.0434e+00 1.8125e-03 1.8911e-03 1.0215e+00
 51411.7  51000.0  44501.3  45442.6 3.0065e+02 1.7689e-03 1.5266e+02 3.4757e+02 1.8491e-05 1.0434e+00 1.4440e-03 1.5067e-03 1.0215e+00
 61589.9  61000.0  53874.2  54188.1 2.7265e+02 5.9178e-04 4.6315e+01 3.3099e+02 1.7136e-05 9.4621e-01 4.8308e-04 4.5710e-04 9.7273e-01
 71800.4  71000.0  63505.7  63787.3 2.4465e+02 1.7580e-04 1.2346e+01 3.1353e+02 1.5714e-05 8.4904e-01 1.4351e-04 1.2185e-04 9.2143e-01
 81017.6  80000.0  72046.5  72470.0 2.2665e+02 5.1438e-05 3.3466e+00 3.0178e+02 1.4760e-05 7.8658e-01 4.1990e-05 3.3029e-05 8.8689e-01
 85997.7  84852.0  76596.8  77002.1 2.1695e+02 2.5449e-05 1.5849e+00 2.9525e+02 1.4233e-05 7.5291e-01 2.0775e-05 1.5641e-05 8.6770e-01
 91290.0  90000.0  81311.9  81983.1 2.1695e+02 1.1314e-05 7.0458e-01 2.9525e+02 1.4233e-05 7.5291e-01 9.2358e-06 6.9537e-06 8.6770e-01

(B.4) Atmos(Hic,Pic, Hj,Tj)
      Custom temperature profile constructed with given initial condition Hic, Pic with Tic interpolated from input (Hj,Tj).
      Initial conditions and temperature profile chosen to produce a profile equivalent to (B.2b) for comparison.
     Hgm      Hgp      Hpa      Hda          T        rho          P          a       visc      theta      sigma      delta        kappa
     (m)      (m)      (m)      (m)        (K)   (kg/m^3)    (N/m^2)      (m/s)  (N*s/m^2)        (1)        (1)        (1)          (1)
  -100.0   -100.0   -106.8    946.5 3.1989e+02 1.1175e+00 1.0261e+05 3.5852e+02 1.9386e-05 1.1102e+00 9.1224e-01 1.0127e+00 1.0536e+00
     0.0      0.0    -16.3   1000.0 3.1815e+02 1.1116e+00 1.0152e+05 3.5754e+02 1.9307e-05 1.1041e+00 9.0746e-01 1.0019e+00 1.0508e+00
  5504.8   5500.0   5363.1   5330.8 2.5240e+02 7.1013e-01 5.1449e+04 3.1846e+02 1.6115e-05 8.7592e-01 5.7969e-01 5.0777e-01 9.3591e-01
 11019.0  11000.0  10882.6  10854.9 2.1665e+02 3.7071e-01 2.3054e+04 2.9505e+02 1.4216e-05 7.5187e-01 3.0262e-01 2.2753e-01 8.6710e-01
 15537.8  15500.0  15382.8  15382.8 2.1665e+02 1.8233e-01 1.1339e+04 2.9505e+02 1.4216e-05 7.5187e-01 1.4884e-01 1.1191e-01 8.6710e-01
 20063.0  20000.0  19882.8  19882.8 2.1665e+02 8.9677e-02 5.5770e+03 2.9505e+02 1.4216e-05 7.5187e-01 7.3206e-02 5.5041e-02 8.6710e-01
 26106.6  26000.0  25879.6  25883.0 2.2265e+02 3.4317e-02 2.1933e+03 2.9911e+02 1.4544e-05 7.7269e-01 2.8014e-02 2.1646e-02 8.7903e-01
 32161.6  32000.0  31876.3  31879.8 2.2865e+02 1.3472e-02 8.8421e+02 3.0311e+02 1.4868e-05 7.9351e-01 1.0997e-02 8.7265e-03 8.9079e-01
 39746.5  39500.0  39365.0  39375.2 2.4965e+02 4.2234e-03 3.0266e+02 3.1672e+02 1.5973e-05 8.6639e-01 3.4477e-03 2.9870e-03 9.3080e-01
 47349.4  47000.0  46853.7  46864.7 2.7065e+02 1.4542e-03 1.1298e+02 3.2977e+02 1.7037e-05 9.3927e-01 1.1871e-03 1.1150e-03 9.6916e-01
 49379.9  49000.0  48853.5  48853.5 2.7065e+02 1.1297e-03 8.7770e+01 3.2977e+02 1.7037e-05 9.3927e-01 9.2223e-04 8.6622e-04 9.6916e-01
 51411.7  51000.0  50853.5  50853.5 2.7065e+02 8.7768e-04 6.8188e+01 3.2977e+02 1.7037e-05 9.3927e-01 7.1647e-04 6.7296e-04 9.6916e-01
 61589.9  61000.0  60868.6  60856.9 2.4265e+02 2.5828e-04 1.7990e+01 3.1225e+02 1.5610e-05 8.4210e-01 2.1084e-04 1.7755e-04 9.1766e-01
 71800.4  71000.0  70883.8  70873.4 2.1465e+02 6.5409e-05 4.0302e+00 2.9368e+02 1.4106e-05 7.4492e-01 5.3395e-05 3.9775e-05 8.6309e-01
 81017.6  80000.0  79893.7  79887.0 1.9665e+02 1.5993e-05 9.0280e-01 2.8110e+02 1.3095e-05 6.8246e-01 1.3056e-05 8.9100e-06 8.2611e-01
 85997.7  84852.0  84750.9  84744.7 1.8695e+02 7.0875e-06 3.8035e-01 2.7408e+02 1.2534e-05 6.4879e-01 5.7857e-06 3.7537e-06 8.0548e-01
 91290.0  90000.0  89765.2  90062.0 1.8695e+02 2.7665e-06 1.4846e-01 2.7408e+02 1.2534e-05 6.4879e-01 2.2584e-06 1.4652e-06 8.0548e-01

(B.5) Atmos(Hic,Tic,Pic, Hj, Tgradj)
      custom temperature gradient profile (i.e. lapse rates) and initial conditions
      setup to produce profile equivalent to that of (B.2b) for comparison
     Hgm      Hgp      Hpa      Hda          T        rho          P          a       visc      theta      sigma      delta        kappa
     (m)      (m)      (m)      (m)        (K)   (kg/m^3)    (N/m^2)      (m/s)  (N*s/m^2)        (1)        (1)        (1)          (1)
  -100.0   -100.0    -90.6    931.3 3.1880e+02 1.1192e+00 1.0242e+05 3.5791e+02 1.9336e-05 1.1064e+00 9.1361e-01 1.0108e+00 1.0518e+00
     0.0      0.0      0.0   1019.7 3.1815e+02 1.1095e+00 1.0132e+05 3.5754e+02 1.9307e-05 1.1041e+00 9.0570e-01 1.0000e+00 1.0508e+00
  5504.8   5500.0   4981.4   5886.5 2.8240e+02 6.6805e-01 5.4154e+04 3.3686e+02 1.7615e-05 9.8005e-01 5.4535e-01 5.3446e-01 9.8997e-01
 11019.0  11000.0   9962.8  10753.3 2.4665e+02 3.7552e-01 2.6587e+04 3.1481e+02 1.5818e-05 8.5598e-01 3.0655e-01 2.6240e-01 9.2519e-01
 15537.8  15500.0  13931.2  14753.7 2.4665e+02 2.0135e-01 1.4256e+04 3.1481e+02 1.5818e-05 8.5598e-01 1.6436e-01 1.4069e-01 9.2519e-01
 20063.0  20000.0  17883.9  18706.3 2.4665e+02 1.0796e-01 7.6435e+03 3.1481e+02 1.5818e-05 8.5598e-01 8.8128e-02 7.5436e-02 9.2519e-01
 26106.6  26000.0  23113.2  23986.5 2.5265e+02 4.6367e-02 3.3627e+03 3.1862e+02 1.6128e-05 8.7680e-01 3.7851e-02 3.3187e-02 9.3638e-01
 32161.6  32000.0  28332.2  29226.2 2.5865e+02 2.0314e-02 1.5082e+03 3.2238e+02 1.6434e-05 8.9762e-01 1.6582e-02 1.4885e-02 9.4743e-01
 39746.5  39500.0  34721.5  35805.9 2.7965e+02 7.2483e-03 5.8185e+02 3.3521e+02 1.7481e-05 9.7050e-01 5.9170e-03 5.7424e-03 9.8514e-01
 47349.4  47000.0  41058.1  42223.9 3.0065e+02 2.7868e-03 2.4051e+02 3.4757e+02 1.8491e-05 1.0434e+00 2.2749e-03 2.3736e-03 1.0215e+00
 49379.9  49000.0  42763.7  43819.4 3.0065e+02 2.2203e-03 1.9162e+02 3.4757e+02 1.8491e-05 1.0434e+00 1.8125e-03 1.8911e-03 1.0215e+00
 51411.7  51000.0  44501.3  45442.6 3.0065e+02 1.7689e-03 1.5266e+02 3.4757e+02 1.8491e-05 1.0434e+00 1.4440e-03 1.5067e-03 1.0215e+00
 61589.9  61000.0  53874.2  54188.1 2.7265e+02 5.9178e-04 4.6315e+01 3.3099e+02 1.7136e-05 9.4621e-01 4.8308e-04 4.5710e-04 9.7273e-01
 71800.4  71000.0  63505.7  63787.3 2.4465e+02 1.7580e-04 1.2346e+01 3.1353e+02 1.5714e-05 8.4904e-01 1.4351e-04 1.2185e-04 9.2143e-01
 81017.6  80000.0  72046.6  72470.0 2.2665e+02 5.1439e-05 3.3466e+00 3.0178e+02 1.4760e-05 7.8657e-01 4.1991e-05 3.3029e-05 8.8689e-01
 85997.7  84852.0  76596.9  77002.1 2.1695e+02 2.5449e-05 1.5848e+00 2.9525e+02 1.4232e-05 7.5289e-01 2.0775e-05 1.5641e-05 8.6769e-01
 91290.0  90000.0  81312.1  81983.2 2.1695e+02 1.1314e-05 7.0456e-01 2.9525e+02 1.4232e-05 7.5289e-01 9.2356e-06 6.9534e-06 8.6769e-01

Test Method Functions
(C.1) Atmos1() --- Hgp, P, rho:5.5000e+03 5.0507e+04 6.9711e-01
(C.2) Atmos1.at --- Hgp, P, rho:5.5000e+03 5.0507e+04 6.9711e-01
(C.3) Atmos1.atHgp --- Hgp, P, rho:5.5000e+03 5.0507e+04 6.9711e-01
(C.4) Atmos1.Hgm(): 5.5048e+03
(C.5) Atmos1.Hpa(): 5.5000e+03
(C.6) Atmos1.Hda(): 5.5000e+03
(C.7) Atmos1.T(): 2.5240e+02
(C.8) Atmos1.rho(): 6.9711e-01
(C.9) Atmos1.P(): 5.0507e+04
(C.10) Atmos1.a(): 3.1846e+02
(C.11) Atmos1.visc(): 1.6115e-05
(C.12) Atmos1.theta(): 8.7593e-01
(C.13) Atmos1.sigma(): 5.6907e-01
(C.14) Atmos1.delta(): 4.9846e-01
(C.15) Atmos1.kappa(): 9.3591e-01

(C.16), (C.17), (C.18), (C.19) evaluate at altitude of each type, using atmos with dT = 3.0000e+01
with non-zero dT, altitudes Hpa and Hda differ from standard atmosphere Hgp.
types computed and evaluated successively (Hgp, Hgm, Hpa, Hda) such that four lines of results should be the same
            Hgm      Hgp      Hpa      Hda          T        rho          P          a       visc      theta      sigma      delta        kappa
            (m)      (m)      (m)      (m)        (K)   (kg/m^3)    (N/m^2)      (m/s)  (N*s/m^2)        (1)        (1)        (1)          (1)
atHgp:   5504.8   5500.0   4981.4   5886.5 2.8240e+02 6.6805e-01 5.4154e+04 3.3686e+02 1.7615e-05 9.8005e-01 5.4535e-01 5.3446e-01 9.8997e-01
atHgm:   5504.8   5500.0   4981.4   5886.5 2.8240e+02 6.6805e-01 5.4154e+04 3.3686e+02 1.7615e-05 9.8005e-01 5.4535e-01 5.3446e-01 9.8997e-01
atHpa:   5504.8   5500.0   4981.4   5886.5 2.8240e+02 6.6805e-01 5.4154e+04 3.3686e+02 1.7615e-05 9.8005e-01 5.4535e-01 5.3446e-01 9.8997e-01
atHda:   5504.8   5500.0   4981.4   5886.5 2.8240e+02 6.6805e-01 5.4154e+04 3.3686e+02 1.7615e-05 9.8005e-01 5.4535e-01 5.3446e-01 9.8997e-01
